
Memory Configuration

Name             Origin             Length             Attributes
RAM              0x20000000         0x00020000         xrw
FLASH            0x08000000         0x00100000         xr
*default*        0x00000000         0xffffffff

Linker script and memory map


.text           0x08000000     0x46b8
                0x08000000                . = ALIGN (0x4)
 *(.interrupt_vector)
 .interrupt_vector
                0x08000000      0x188 startup.o
                0x08000000                table_interrupt_vector
 *(.text)
 .text          0x08000188      0x2a0 main.o
                0x08000188                display_out
                0x08000230                log_channel
                0x08000364                main
 .text          0x08000428      0x434 system.o
                0x080004c4                clock_PLL
                0x0800064c                clock_HSE
                0x08000710                systimer_init
                0x08000734                system_init
                0x08000814                sleep
                0x08000840                SysTick_Handler
 .text          0x0800085c       0x68 startup.o
                0x0800085c                Reset_Handler
                0x0800085c                handler_reset
                0x080008bc                RTC_Alarm_IRQHandler
                0x080008bc                HASH_RNG_IRQHandler
                0x080008bc                EXTI2_IRQHandler
                0x080008bc                TIM8_CC_IRQHandler
                0x080008bc                DebugMon_Handler
                0x080008bc                TIM1_CC_IRQHandler
                0x080008bc                DMA2_Stream5_IRQHandler
                0x080008bc                HardFault_Handler
                0x080008bc                DMA1_Stream5_IRQHandler
                0x080008bc                PVD_IRQHandler
                0x080008bc                SDIO_IRQHandler
                0x080008bc                TAMP_STAMP_IRQHandler
                0x080008bc                PendSV_Handler
                0x080008bc                NMI_Handler
                0x080008bc                CAN2_RX1_IRQHandler
                0x080008bc                EXTI3_IRQHandler
                0x080008bc                TIM8_TRG_COM_TIM14_IRQHandler
                0x080008bc                TIM1_UP_TIM10_IRQHandler
                0x080008bc                TIM8_UP_TIM13_IRQHandler
                0x080008bc                I2C3_ER_IRQHandler
                0x080008bc                EXTI0_IRQHandler
                0x080008bc                I2C2_EV_IRQHandler
                0x080008bc                DMA1_Stream2_IRQHandler
                0x080008bc                CAN1_RX0_IRQHandler
                0x080008bc                FPU_IRQHandler
                0x080008bc                OTG_HS_WKUP_IRQHandler
                0x080008bc                UsageFault_Handler
                0x080008bc                CAN2_SCE_IRQHandler
                0x080008bc                DMA2_Stream2_IRQHandler
                0x080008bc                TIM6_DAC_IRQHandler
                0x080008bc                TIM1_BRK_TIM9_IRQHandler
                0x080008bc                DCMI_IRQHandler
                0x080008bc                CAN2_RX0_IRQHandler
                0x080008bc                DMA2_Stream3_IRQHandler
                0x080008bc                default_handler
                0x080008bc                USART6_IRQHandler
                0x080008bc                CRYP_IRQHandler
                0x080008bc                CAN1_RX1_IRQHandler
                0x080008bc                UART5_IRQHandler
                0x080008bc                DMA2_Stream0_IRQHandler
                0x080008bc                TIM4_IRQHandler
                0x080008bc                DMA1_Stream6_IRQHandler
                0x080008bc                DMA1_Stream1_IRQHandler
                0x080008bc                RCC_IRQHandler
                0x080008bc                TIM8_BRK_TIM12_IRQHandler
                0x080008bc                EXTI15_10_IRQHandler
                0x080008bc                DMA1_Stream7_IRQHandler
                0x080008bc                TIM7_IRQHandler
                0x080008bc                CAN2_TX_IRQHandler
                0x080008bc                TIM5_IRQHandler
                0x080008bc                DMA2_Stream7_IRQHandler
                0x080008bc                I2C3_EV_IRQHandler
                0x080008bc                EXTI9_5_IRQHandler
                0x080008bc                RTC_WKUP_IRQHandler
                0x080008bc                ETH_WKUP_IRQHandler
                0x080008bc                SPI2_IRQHandler
                0x080008bc                OTG_HS_EP1_IN_IRQHandler
                0x080008bc                MemManage_Handler
                0x080008bc                DMA1_Stream0_IRQHandler
                0x080008bc                CAN1_TX_IRQHandler
                0x080008bc                SVC_Handler
                0x080008bc                EXTI4_IRQHandler
                0x080008bc                FSMC_IRQHandler
                0x080008bc                ETH_IRQHandler
                0x080008bc                OTG_HS_EP1_OUT_IRQHandler
                0x080008bc                WWDG_IRQHandler
                0x080008bc                OTG_FS_WKUP_IRQHandler
                0x080008bc                TIM1_TRG_COM_TIM11_IRQHandler
                0x080008bc                OTG_HS_IRQHandler
                0x080008bc                EXTI1_IRQHandler
                0x080008bc                USART2_IRQHandler
                0x080008bc                I2C2_ER_IRQHandler
                0x080008bc                DMA2_Stream1_IRQHandler
                0x080008bc                CAN1_SCE_IRQHandler
                0x080008bc                FLASH_IRQHandler
                0x080008bc                DMA2_Stream4_IRQHandler
                0x080008bc                BusFault_Handler
                0x080008bc                USART1_IRQHandler
                0x080008bc                OTG_FS_IRQHandler
                0x080008bc                SPI3_IRQHandler
                0x080008bc                DMA2_Stream6_IRQHandler
                0x080008bc                DMA1_Stream3_IRQHandler
 .text          0x080008c4      0x3e0 uart.o
                0x080008f4                uart_init
                0x080009d8                uart_putch
                0x08000a40                uart_send
                0x08000adc                uart_send_str
                0x08000b90                uart_read
                0x08000c0c                UART4_IRQHandler
 .text          0x08000ca4      0x768 xprintf.o
                0x08000ca4                xputc
                0x08000cf4                xputs
                0x08000d1c                xfputs
                0x0800104c                xprintf
                0x08001070                xsprintf
                0x080010ac                xfprintf
                0x080010e8                put_dump
                0x080011dc                xgets
                0x08001280                xfgets
                0x080012b8                xatoi
 .text          0x0800140c      0x364 adc.o
                0x0800143c                adc_common_init
                0x08001464                adc1_init
                0x0800151c                adc2_init
                0x0800159c                adc3_init
                0x0800161c                adc_set_trigger
                0x080016e0                adc_init
                0x0800171c                TIM2_IRQHandler
 .text          0x08001770      0x164 dac.o
                0x08001770                offset_pwm_init
                0x08001848                dac_init
                0x080018b4                dac_offset_set
 .text          0x080018d4        0x0 cos_sin_tbl.o
 .text          0x080018d4      0xec0 modbus_rtu.o
                0x08001904                start_trans
                0x08001984                modbus_init
                0x08001a98                USART3_IRQHandler
                0x08001b9c                pack_bits_to_bytes
                0x08001c48                set_coil
 .text          0x08002794       0x74 crc.o
                0x08002794                crc16
 .text          0x08002808      0x8c8 spi.o
                0x08002838                init_spi_dma
                0x08002920                coll_pwm_set
                0x0800294c                ind_pwm_init
                0x08002a74                spi_master_init
                0x08002be4                spi_slave_init
                0x08002c74                spi_write_read
                0x08002d34                SPI1_IRQHandler
                0x08002d70                check_current
                0x08002db0                set_refcurrent
                0x08002e48                check_voltage
                0x08002e84                update_mode
                0x08002f84                check_temp
                0x08003030                TIM3_IRQHandler
                0x080030a4                DMA1_Stream4_IRQHandler
 .text          0x080030d0       0xf8 reg.o
                0x080030d0                reg_init
                0x080030e4                ADC_IRQHandler
 .text          0x080031c8      0x4cc i2c.o
                0x080031f8                i2c_init
                0x080032f0                i2c_test
                0x08003490                I2C1_EV_IRQHandler
                0x080034a0                I2C1_ER_IRQHandler
                0x080034cc                btf_conf
                0x08003518                raddr_conf
                0x08003568                rsb_conf
                0x080035a8                pntr_tx_end
                0x080035e4                wadr_conf
                0x0800361c                sb_conf
                0x08003654                i2c_start
 .text          0x08003694       0xdc attenuator.o
                0x08003694                update_attenuator
                0x08003730                set_attenuator
 .text          0x08003770        0x0 apl602.o
 *(.text*)
 *(.rodata)
 .rodata        0x08003770       0x88 main.o
                0x08003770                seg7_tbl
 .rodata        0x080037f8       0x20 xprintf.o
 .rodata        0x08003818       0x80 cos_sin_tbl.o
                0x08003818                cos_table
 .rodata        0x08003898      0x418 modbus_rtu.o
                0x08003898                device_additional_info
                0x080038b0                proc_PDU_table
 .rodata        0x08003cb0       0x20 spi.o
                0x08003cb0                kc
                0x08003cb4                kr
                0x08003cb8                kv
                0x08003cbc                ac
                0x08003cc0                ar
                0x08003cc4                av
                0x08003cc8                temp_sens_addr
                0x08003ccc                Rt
 .rodata        0x08003cd0       0x88 i2c.o
 .rodata        0x08003d58      0x960 apl602.o
                0x08003d58                apl602_imax
 *(.rodata*)
                0x080046b8                . = ALIGN (0x4)
                0x080046b8                _data_flash = .

.glue_7         0x080046b8        0x0
 .glue_7        0x080046b8        0x0 linker stubs

.glue_7t        0x080046b8        0x0
 .glue_7t       0x080046b8        0x0 linker stubs

.vfp11_veneer   0x080046b8        0x0
 .vfp11_veneer  0x080046b8        0x0 linker stubs

.v4_bx          0x080046b8        0x0
 .v4_bx         0x080046b8        0x0 linker stubs

.iplt           0x080046b8        0x0
 .iplt          0x080046b8        0x0 main.o

.rel.dyn        0x080046b8        0x0
 .rel.iplt      0x080046b8        0x0 main.o

.data           0x20000000      0x224 load address 0x080046b8
                0x20000000                . = ALIGN (0x4)
                0x20000000                _data_begin = .
 *(.data)
 .data          0x20000000        0x8 main.o
                0x20000000                test_pwm
                0x20000002                test_dac
                0x20000004                vdiv
 .data          0x20000008        0x0 system.o
 .data          0x20000008        0x0 startup.o
 .data          0x20000008        0x0 uart.o
 .data          0x20000008        0x0 xprintf.o
 .data          0x20000008        0x0 adc.o
 .data          0x20000008        0x0 dac.o
 .data          0x20000008        0x0 cos_sin_tbl.o
 .data          0x20000008       0x10 modbus_rtu.o
                0x20000008                bits_tab
                0x20000010                input_bits_tab
                0x20000014                input_registers_tab
 .data          0x20000018      0x200 crc.o
                0x20000018                crc_table_low
                0x20000118                crc_table_high
 .data          0x20000218        0x0 spi.o
 .data          0x20000218        0x8 reg.o
                0x20000218                Ki
                0x2000021c                Vsignal
 .data          0x20000220        0x1 i2c.o
                0x20000220                i2c_address
 .data          0x20000221        0x0 attenuator.o
 .data          0x20000221        0x0 apl602.o
 *(.data*)
                0x20000224                . = ALIGN (0x4)
 *fill*         0x20000221        0x3 
                0x20000224                _data_end = .

.igot.plt       0x20000224        0x0 load address 0x080048dc
 .igot.plt      0x20000224        0x0 main.o

.bss            0x20000224     0x2ab0 load address 0x080048dc
                0x20000224                . = ALIGN (0x4)
                0x20000224                _bss_begin = .
                0x20000224                __bss_start__ = _bss_begin
 *(.bss)
 .bss           0x20000224       0x20 main.o
                0x20000224                atten
                0x20000228                fDerating
                0x2000022c                fOverheat
                0x20000230                Imax
                0x20000234                Vdav
                0x20000238                Idav
                0x2000023c                Pdav
                0x20000240                Tj
 .bss           0x20000244        0x4 system.o
                0x20000244                system_time
 .bss           0x20000248        0x0 startup.o
 .bss           0x20000248      0x810 uart.o
                0x20000248                tx_buf
                0x20000648                tx_idx
                0x2000064c                tx_wr_idx
                0x20000650                rx_buf
                0x20000a50                rx_idx
                0x20000a54                rx_rd_idx
 .bss           0x20000a58        0xc xprintf.o
                0x20000a58                xfunc_out
                0x20000a60                xfunc_in
 .bss           0x20000a64        0x0 adc.o
 .bss           0x20000a64        0x0 dac.o
 .bss           0x20000a64        0x0 cos_sin_tbl.o
 .bss           0x20000a64      0x224 modbus_rtu.o
                0x20000a64                register_tab
                0x20000a74                modbus_error
                0x20000a78                rx_buffer
                0x20000b78                rx_index
                0x20000b7c                rx_size
                0x20000b80                tx_buffer
                0x20000c80                tx_index
                0x20000c84                tx_numbytes
 .bss           0x20000c88        0x0 crc.o
 .bss           0x20000c88       0x14 spi.o
                0x20000c88                sbuf
                0x20000c90                spi_rx_ready
                0x20000c94                spi_rx_byte
 .bss           0x20000c9c     0x2028 reg.o
                0x20000c9c                Vd
                0x20001ca4                Ic1
                0x20002cac                Ir1
                0x20002cb4                Kp
                0x20002cb8                Voffset
                0x20002cbc                Error
                0x20002cc0                temperature
 .bss           0x20002cc4        0xc i2c.o
                0x20002cc4                temp_buf
                0x20002ccc                i2c_fsm_prc
 .bss           0x20002cd0        0x4 attenuator.o
                0x20002cd0                Katt
 .bss           0x20002cd4        0x0 apl602.o
 *(.bss*)
 *(COMMON)
                0x20002cd4                . = ALIGN (0x4)
                0x20002cd4                _bss_end = .
                0x20002cd4                __bss_end__ = _bss_end
                0x00000400                _stack_size = 0x400
                0x20020000                _stack_end = (ORIGIN (RAM) + 0x20000)
                0x2001fc00                _stack_begin = (_stack_end - _stack_size)
                0x2001fc00                . = _stack_begin

._stack         0x20002cd4      0x400 load address 0x0800738c
                0x200030d4                . = (. + _stack_size)
 *fill*         0x20002cd4      0x400 
LOAD main.o
LOAD system.o
LOAD startup.o
LOAD uart.o
LOAD xprintf.o
LOAD adc.o
LOAD dac.o
LOAD cos_sin_tbl.o
LOAD modbus_rtu.o
LOAD crc.o
LOAD spi.o
LOAD reg.o
LOAD i2c.o
LOAD attenuator.o
LOAD apl602.o
START GROUP
LOAD /usr/lib/gcc/arm-none-eabi/4.8/armv7e-m//libgcc.a
LOAD /usr/lib/arm-none-eabi/lib/armv7e-m//libm.a
LOAD ../STM32F4xx_DSP_StdPeriph_Lib_V1.7.0/Libraries/CMSIS/Lib/GCC//libarm_cortexM4l_math.a
END GROUP
OUTPUT(test.elf elf32-littlearm)

.debug_info     0x00000000     0x60af
 .debug_info    0x00000000      0x356 main.o
 .debug_info    0x00000356      0x9ff system.o
 .debug_info    0x00000d55       0xec startup.o
 .debug_info    0x00000e41      0x92c uart.o
 .debug_info    0x0000176d      0x4c9 xprintf.o
 .debug_info    0x00001c36      0xa8e adc.o
 .debug_info    0x000026c4      0x621 dac.o
 .debug_info    0x00002ce5       0x52 cos_sin_tbl.o
 .debug_info    0x00002d37     0x1005 modbus_rtu.o
 .debug_info    0x00003d3c       0xe6 crc.o
 .debug_info    0x00003e22      0xdf8 spi.o
 .debug_info    0x00004c1a      0x786 reg.o
 .debug_info    0x000053a0      0x975 i2c.o
 .debug_info    0x00005d15      0x2e1 attenuator.o
 .debug_info    0x00005ff6       0xb9 apl602.o

.debug_abbrev   0x00000000     0x14c1
 .debug_abbrev  0x00000000      0x15f main.o
 .debug_abbrev  0x0000015f      0x1af system.o
 .debug_abbrev  0x0000030e       0xab startup.o
 .debug_abbrev  0x000003b9      0x1a6 uart.o
 .debug_abbrev  0x0000055f      0x194 xprintf.o
 .debug_abbrev  0x000006f3      0x150 adc.o
 .debug_abbrev  0x00000843       0xee dac.o
 .debug_abbrev  0x00000931       0x50 cos_sin_tbl.o
 .debug_abbrev  0x00000981      0x235 modbus_rtu.o
 .debug_abbrev  0x00000bb6       0x9f crc.o
 .debug_abbrev  0x00000c55      0x2bb spi.o
 .debug_abbrev  0x00000f10      0x1e8 reg.o
 .debug_abbrev  0x000010f8      0x25a i2c.o
 .debug_abbrev  0x00001352       0xfa attenuator.o
 .debug_abbrev  0x0000144c       0x75 apl602.o

.debug_aranges  0x00000000      0x1d0
 .debug_aranges
                0x00000000       0x20 main.o
 .debug_aranges
                0x00000020       0x20 system.o
 .debug_aranges
                0x00000040       0x20 startup.o
 .debug_aranges
                0x00000060       0x20 uart.o
 .debug_aranges
                0x00000080       0x20 xprintf.o
 .debug_aranges
                0x000000a0       0x20 adc.o
 .debug_aranges
                0x000000c0       0x20 dac.o
 .debug_aranges
                0x000000e0       0x18 cos_sin_tbl.o
 .debug_aranges
                0x000000f8       0x20 modbus_rtu.o
 .debug_aranges
                0x00000118       0x20 crc.o
 .debug_aranges
                0x00000138       0x20 spi.o
 .debug_aranges
                0x00000158       0x20 reg.o
 .debug_aranges
                0x00000178       0x20 i2c.o
 .debug_aranges
                0x00000198       0x20 attenuator.o
 .debug_aranges
                0x000001b8       0x18 apl602.o

.debug_line     0x00000000     0x1603
 .debug_line    0x00000000      0x135 main.o
 .debug_line    0x00000135      0x1b0 system.o
 .debug_line    0x000002e5       0x51 startup.o
 .debug_line    0x00000336      0x18d uart.o
 .debug_line    0x000004c3      0x2c4 xprintf.o
 .debug_line    0x00000787      0x171 adc.o
 .debug_line    0x000008f8      0x136 dac.o
 .debug_line    0x00000a2e       0x2e cos_sin_tbl.o
 .debug_line    0x00000a5c      0x37f modbus_rtu.o
 .debug_line    0x00000ddb       0x55 crc.o
 .debug_line    0x00000e30      0x257 spi.o
 .debug_line    0x00001087      0x1b0 reg.o
 .debug_line    0x00001237      0x1c5 i2c.o
 .debug_line    0x000013fc      0x15b attenuator.o
 .debug_line    0x00001557       0xac apl602.o

.debug_str      0x00000000     0x13e0
 .debug_str     0x00000000      0x1c6 main.o
                                0x20e (size before relaxing)
 .debug_str     0x000001c6      0x7d6 system.o
                                0x924 (size before relaxing)
 .debug_str     0x0000099c       0x93 startup.o
                                0x131 (size before relaxing)
 .debug_str     0x00000a2f       0xa1 uart.o
                                0x87c (size before relaxing)
 .debug_str     0x00000ad0       0x9a xprintf.o
                                0x18b (size before relaxing)
 .debug_str     0x00000b6a      0x162 adc.o
                                0x947 (size before relaxing)
 .debug_str     0x00000ccc       0x88 dac.o
                                0x3bc (size before relaxing)
 .debug_str     0x00000d54       0x18 cos_sin_tbl.o
                                 0xa4 (size before relaxing)
 .debug_str     0x00000d6c      0x2c1 modbus_rtu.o
                                0xae4 (size before relaxing)
 .debug_str     0x0000102d       0x38 crc.o
                                 0xe5 (size before relaxing)
 .debug_str     0x00001065      0x18b spi.o
                                0xa58 (size before relaxing)
 .debug_str     0x000011f0      0x108 reg.o
                                0x3b1 (size before relaxing)
 .debug_str     0x000012f8       0xb1 i2c.o
                                0x8d7 (size before relaxing)
 .debug_str     0x000013a9       0x2e attenuator.o
                                0x1fb (size before relaxing)
 .debug_str     0x000013d7        0x9 apl602.o
                                0x143 (size before relaxing)

.comment        0x00000000       0x2d
 .comment       0x00000000       0x2d main.o
                                 0x2e (size before relaxing)
 .comment       0x0000002d       0x2e system.o
 .comment       0x0000002d       0x2e startup.o
 .comment       0x0000002d       0x2e uart.o
 .comment       0x0000002d       0x2e xprintf.o
 .comment       0x0000002d       0x2e adc.o
 .comment       0x0000002d       0x2e dac.o
 .comment       0x0000002d       0x2e cos_sin_tbl.o
 .comment       0x0000002d       0x2e modbus_rtu.o
 .comment       0x0000002d       0x2e crc.o
 .comment       0x0000002d       0x2e spi.o
 .comment       0x0000002d       0x2e reg.o
 .comment       0x0000002d       0x2e i2c.o
 .comment       0x0000002d       0x2e attenuator.o
 .comment       0x0000002d       0x2e apl602.o

.ARM.attributes
                0x00000000       0x33
 .ARM.attributes
                0x00000000       0x33 main.o
 .ARM.attributes
                0x00000033       0x33 system.o
 .ARM.attributes
                0x00000066       0x33 startup.o
 .ARM.attributes
                0x00000099       0x33 uart.o
 .ARM.attributes
                0x000000cc       0x33 xprintf.o
 .ARM.attributes
                0x000000ff       0x33 adc.o
 .ARM.attributes
                0x00000132       0x33 dac.o
 .ARM.attributes
                0x00000165       0x33 cos_sin_tbl.o
 .ARM.attributes
                0x00000198       0x33 modbus_rtu.o
 .ARM.attributes
                0x000001cb       0x33 crc.o
 .ARM.attributes
                0x000001fe       0x33 spi.o
 .ARM.attributes
                0x00000231       0x2f reg.o
 .ARM.attributes
                0x00000260       0x33 i2c.o
 .ARM.attributes
                0x00000293       0x33 attenuator.o
 .ARM.attributes
                0x000002c6       0x33 apl602.o

.debug_frame    0x00000000      0xb10
 .debug_frame   0x00000000       0x6c main.o
 .debug_frame   0x0000006c       0xe0 system.o
 .debug_frame   0x0000014c       0x48 startup.o
 .debug_frame   0x00000194       0xd0 uart.o
 .debug_frame   0x00000264      0x184 xprintf.o
 .debug_frame   0x000003e8       0xd8 adc.o
 .debug_frame   0x000004c0       0x60 dac.o
 .debug_frame   0x00000520      0x23c modbus_rtu.o
 .debug_frame   0x0000075c       0x2c crc.o
 .debug_frame   0x00000788      0x1b0 spi.o
 .debug_frame   0x00000938       0x44 reg.o
 .debug_frame   0x0000097c      0x14c i2c.o
 .debug_frame   0x00000ac8       0x48 attenuator.o

.debug_ranges   0x00000000      0x158
 .debug_ranges  0x00000000       0x18 modbus_rtu.o
 .debug_ranges  0x00000018      0x140 reg.o

.debug_loc      0x00000000      0x16e
 .debug_loc     0x00000000      0x16e reg.o
